../Drivers/CMSIS/Include/core_cm3.h:1876:26:ITM_SendChar	16	static,ignoring_inline_asm
../Core/Src/main.c:74:6:myTask1	16	static
../Core/Src/main.c:83:6:myTask2	16	static
../Core/Src/main.c:99:5:main	16	static
../Core/Src/main.c:176:6:SystemClock_Config	80	static
../Core/Src/main.c:218:13:MX_USART2_UART_Init	8	static
../Core/Src/main.c:251:13:MX_GPIO_Init	48	static
../Core/Src/main.c:281:5:_write	32	static
../Core/Src/main.c:302:6:HAL_TIM_PeriodElapsedCallback	16	static
../Core/Src/main.c:319:6:Error_Handler	4	static,ignoring_inline_asm
